C:/TouchGFXProjects/Egg_shoot_v2/Core/Src/main.c:1033:13:SPI5_Write	1
C:/TouchGFXProjects/Egg_shoot_v2/Core/Src/main.c:1158:6:StartDefaultTask	1
C:/TouchGFXProjects/Egg_shoot_v2/Core/Src/main.c:258:6:SystemClock_Config	1
C:/TouchGFXProjects/Egg_shoot_v2/Core/Src/main.c:162:5:main	2
C:/TouchGFXProjects/Egg_shoot_v2/Core/Src/main.c:877:6:IOE_Init	1
C:/TouchGFXProjects/Egg_shoot_v2/Core/Src/main.c:886:6:IOE_ITConfig	1
C:/TouchGFXProjects/Egg_shoot_v2/Core/Src/main.c:898:6:IOE_Write	1
C:/TouchGFXProjects/Egg_shoot_v2/Core/Src/main.c:909:9:IOE_Read	1
C:/TouchGFXProjects/Egg_shoot_v2/Core/Src/main.c:922:10:IOE_ReadMultiple	1
C:/TouchGFXProjects/Egg_shoot_v2/Core/Src/main.c:931:6:IOE_Delay	1
C:/TouchGFXProjects/Egg_shoot_v2/Core/Src/main.c:1059:6:LCD_IO_Init	1
C:/TouchGFXProjects/Egg_shoot_v2/Core/Src/main.c:1069:6:LCD_IO_WriteData	1
C:/TouchGFXProjects/Egg_shoot_v2/Core/Src/main.c:1085:6:LCD_IO_WriteReg	1
C:/TouchGFXProjects/Egg_shoot_v2/Core/Src/main.c:1104:10:LCD_IO_ReadData	1
C:/TouchGFXProjects/Egg_shoot_v2/Core/Src/main.c:1131:6:LCD_Delay	1
C:/TouchGFXProjects/Egg_shoot_v2/Core/Src/main.c:1135:10:getRandom32	2
C:/TouchGFXProjects/Egg_shoot_v2/Core/Src/main.c:1145:9:randomColor	1
C:/TouchGFXProjects/Egg_shoot_v2/Core/Src/main.c:1177:6:HAL_TIM_PeriodElapsedCallback	2
C:/TouchGFXProjects/Egg_shoot_v2/Core/Src/main.c:1195:6:Error_Handler	1
