C:/TouchGFXProjects/Egg_shoot_v2/Core/Src/main.c:1033:13:SPI5_Write	16	static
C:/TouchGFXProjects/Egg_shoot_v2/Core/Src/main.c:1158:6:StartDefaultTask	8	static
C:/TouchGFXProjects/Egg_shoot_v2/Core/Src/main.c:258:6:SystemClock_Config	96	static
C:/TouchGFXProjects/Egg_shoot_v2/Core/Src/main.c:162:5:main	120	static
C:/TouchGFXProjects/Egg_shoot_v2/Core/Src/main.c:877:6:IOE_Init	0	static
C:/TouchGFXProjects/Egg_shoot_v2/Core/Src/main.c:886:6:IOE_ITConfig	0	static
C:/TouchGFXProjects/Egg_shoot_v2/Core/Src/main.c:898:6:IOE_Write	32	static
C:/TouchGFXProjects/Egg_shoot_v2/Core/Src/main.c:909:9:IOE_Read	32	static
C:/TouchGFXProjects/Egg_shoot_v2/Core/Src/main.c:922:10:IOE_ReadMultiple	24	static
C:/TouchGFXProjects/Egg_shoot_v2/Core/Src/main.c:931:6:IOE_Delay	0	static
C:/TouchGFXProjects/Egg_shoot_v2/Core/Src/main.c:1059:6:LCD_IO_Init	8	static
C:/TouchGFXProjects/Egg_shoot_v2/Core/Src/main.c:1069:6:LCD_IO_WriteData	16	static
C:/TouchGFXProjects/Egg_shoot_v2/Core/Src/main.c:1085:6:LCD_IO_WriteReg	16	static
C:/TouchGFXProjects/Egg_shoot_v2/Core/Src/main.c:1104:10:LCD_IO_ReadData	32	static
C:/TouchGFXProjects/Egg_shoot_v2/Core/Src/main.c:1131:6:LCD_Delay	0	static
C:/TouchGFXProjects/Egg_shoot_v2/Core/Src/main.c:1135:10:getRandom32	16	static
C:/TouchGFXProjects/Egg_shoot_v2/Core/Src/main.c:1145:9:randomColor	8	static
C:/TouchGFXProjects/Egg_shoot_v2/Core/Src/main.c:1177:6:HAL_TIM_PeriodElapsedCallback	0	static
C:/TouchGFXProjects/Egg_shoot_v2/Core/Src/main.c:1195:6:Error_Handler	0	static
