../../Middlewares/ST/touchgfx/framework/include/touchgfx/Drawable.hpp:147:23:virtual touchgfx::Drawable* touchgfx::Drawable::getFirstChild()	0	static
../../Middlewares/ST/touchgfx/framework/include/touchgfx/Drawable.hpp:315:18:virtual void touchgfx::Drawable::setX(int16_t)	0	static
../../Middlewares/ST/touchgfx/framework/include/touchgfx/Drawable.hpp:327:18:virtual void touchgfx::Drawable::setY(int16_t)	0	static
../../Middlewares/ST/touchgfx/framework/include/touchgfx/Drawable.hpp:356:18:virtual void touchgfx::Drawable::setWidth(int16_t)	0	static
../../Middlewares/ST/touchgfx/framework/include/touchgfx/Drawable.hpp:368:18:virtual void touchgfx::Drawable::setHeight(int16_t)	0	static
../../Middlewares/ST/touchgfx/framework/include/touchgfx/Drawable.hpp:378:18:virtual void touchgfx::Drawable::childGeometryChanged()	0	static
../../Middlewares/ST/touchgfx/framework/include/touchgfx/Drawable.hpp:389:18:virtual void touchgfx::Drawable::handleClickEvent(const touchgfx::ClickEvent&)	0	static
../../Middlewares/ST/touchgfx/framework/include/touchgfx/Drawable.hpp:401:18:virtual void touchgfx::Drawable::handleGestureEvent(const touchgfx::GestureEvent&)	0	static
../../Middlewares/ST/touchgfx/framework/include/touchgfx/Drawable.hpp:490:18:virtual void touchgfx::Drawable::handleDragEvent(const touchgfx::DragEvent&)	0	static
../../Middlewares/ST/touchgfx/framework/include/touchgfx/Drawable.hpp:501:18:virtual void touchgfx::Drawable::handleTickEvent()	0	static
../../Middlewares/ST/touchgfx/framework/include/touchgfx/Drawable.hpp:588:18:virtual void touchgfx::Drawable::moveTo(int16_t, int16_t)	4	static
../../Middlewares/ST/touchgfx/framework/include/touchgfx/Drawable.hpp:703:18:virtual void touchgfx::Drawable::setupDrawChain(const touchgfx::Rect&, touchgfx::Drawable**)	0	static
../../Middlewares/ST/touchgfx/framework/include/touchgfx/Screen.hpp:104:18:virtual void touchgfx::Screen::afterTransition()	0	static
../../Middlewares/ST/touchgfx/framework/include/touchgfx/Screen.hpp:154:18:virtual void touchgfx::Screen::handleKeyEvent(uint8_t)	0	static
../../TouchGFX/gui/include/gui/screen2_screen/Screen2View.hpp:22:13:Screen2View::~Screen2View()	16	static
../../TouchGFX/gui/include/gui/screen2_screen/Screen2View.hpp:22:13:virtual Screen2View::~Screen2View()	8	static
../../Middlewares/ST/touchgfx/framework/include/touchgfx/Drawable.hpp:121:18:virtual void touchgfx::Drawable::invalidateContent() const	0	static
../../Middlewares/ST/touchgfx/framework/include/touchgfx/widgets/Widget.hpp:45:18:virtual void touchgfx::Widget::getLastChild(int16_t, int16_t, touchgfx::Drawable**)	0	static
C:\Users\DUONG DUY\STM32CubeIDE_1.18.0\STM32CubeIDE\plugins\com.st.stm32cube.ide.mcu.externaltools.gnu-tools-for-stm32.13.3.rel1.win32_1.0.0.202411081344\tools\arm-none-eabi\include\c++\13.3.1\bits\std_function.h:158:4:static void std::_Function_base::_Base_manager<_Functor>::_M_create(std::_Any_data&, _Fn&&, std::false_type) [with _Fn = Screen2View::findAndRemoveMatchingGroup(int, int)::<lambda(int, int)>; _Functor = Screen2View::findAndRemoveMatchingGroup(int, int)::<lambda(int, int)>]	24	static
C:\Users\DUONG DUY\STM32CubeIDE_1.18.0\STM32CubeIDE\plugins\com.st.stm32cube.ide.mcu.externaltools.gnu-tools-for-stm32.13.3.rel1.win32_1.0.0.202411081344\tools\arm-none-eabi\include\c++\13.3.1\bits\std_function.h:267:7:), _Functor>::_M_manager(std::_Any_data&, const std::_Any_data&, std::_Manager_operation) [with _Res = void; _Functor = Screen2View::findAndRemoveMatchingGroup(int, int)::<lambda(int, int)>; _ArgTypes = {int, int}]	8	static
../../Middlewares/ST/touchgfx/framework/include/touchgfx/Drawable.hpp:343:10:void touchgfx::Drawable::setXY(int16_t, int16_t)	16	static
../../Middlewares/ST/touchgfx/framework/include/touchgfx/widgets/Image.hpp:50:5:touchgfx::Image::Image(const touchgfx::Bitmap&)	8	static
C:/TouchGFXProjects/BTL_Chap_mach/TouchGFX/gui/src/screen2_screen/Screen2View.cpp:19:1:Screen2View::Screen2View()	32	static
C:/TouchGFXProjects/BTL_Chap_mach/TouchGFX/gui/src/screen2_screen/Screen2View.cpp:124:6:void Screen2View::ensureMatchablePattern()	32	static
C:/TouchGFXProjects/BTL_Chap_mach/TouchGFX/gui/src/screen2_screen/Screen2View.cpp:80:6:void Screen2View::initEggGrid()	24	static
C:/TouchGFXProjects/BTL_Chap_mach/TouchGFX/gui/src/screen2_screen/Screen2View.cpp:144:6:void Screen2View::renderEggGrid()	64	static
C:/TouchGFXProjects/BTL_Chap_mach/TouchGFX/gui/src/screen2_screen/Screen2View.cpp:234:6:void Screen2View::addNewTopRow()	16	static
C:/TouchGFXProjects/BTL_Chap_mach/TouchGFX/gui/src/screen2_screen/Screen2View.cpp:216:6:void Screen2View::dropEggGrid()	8	static
C:/TouchGFXProjects/BTL_Chap_mach/TouchGFX/gui/src/screen2_screen/Screen2View.cpp:254:6:bool Screen2View::checkGameOver()	8	static
C:/TouchGFXProjects/BTL_Chap_mach/TouchGFX/gui/src/screen2_screen/Screen2View.cpp:278:6:void Screen2View::spawnNextEgg()	24	static
C:/TouchGFXProjects/BTL_Chap_mach/TouchGFX/gui/src/screen2_screen/Screen2View.cpp:193:6:void Screen2View::onEggShot()	8	static
C:/TouchGFXProjects/BTL_Chap_mach/TouchGFX/gui/src/screen2_screen/Screen2View.cpp:301:6:void Screen2View::updateScore(int)	16	static
C:/TouchGFXProjects/BTL_Chap_mach/TouchGFX/gui/src/screen2_screen/Screen2View.cpp:310:6:void Screen2View::clearEggGrid()	0	static
C:/TouchGFXProjects/BTL_Chap_mach/TouchGFX/gui/src/screen2_screen/Screen2View.cpp:326:5:int readADCChannel(ADC_HandleTypeDef*, uint32_t)	32	static
C:/TouchGFXProjects/BTL_Chap_mach/TouchGFX/gui/src/screen2_screen/Screen2View.cpp:449:6:void Screen2View::clearNextEgg()	0	static
C:/TouchGFXProjects/BTL_Chap_mach/TouchGFX/gui/src/screen2_screen/Screen2View.cpp:73:6:virtual void Screen2View::tearDownScreen()	8	static
C:/TouchGFXProjects/BTL_Chap_mach/TouchGFX/gui/src/screen2_screen/Screen2View.cpp:474:6:void Screen2View::resetJoystickCalibration()	80	static
C:/TouchGFXProjects/BTL_Chap_mach/TouchGFX/gui/src/screen2_screen/Screen2View.cpp:485:6:void Screen2View::updateCannonAndEggPosition()	32	static
C:/TouchGFXProjects/BTL_Chap_mach/TouchGFX/gui/src/screen2_screen/Screen2View.cpp:505:6:void Screen2View::debugAiming()	216	static
C:/TouchGFXProjects/BTL_Chap_mach/TouchGFX/gui/src/screen2_screen/Screen2View.cpp:520:6:void Screen2View::resetAimToCenter()	8	static
C:/TouchGFXProjects/BTL_Chap_mach/TouchGFX/gui/src/screen2_screen/Screen2View.cpp:527:6:void Screen2View::setAimAngle(float)	8	static
C:/TouchGFXProjects/BTL_Chap_mach/TouchGFX/gui/src/screen2_screen/Screen2View.cpp:535:6:void Screen2View::updateAimLine()	0	static
C:/TouchGFXProjects/BTL_Chap_mach/TouchGFX/gui/src/screen2_screen/Screen2View.cpp:579:6:void Screen2View::createProjectile(int, int, float, float)	24	static
C:/TouchGFXProjects/BTL_Chap_mach/TouchGFX/gui/src/screen2_screen/Screen2View.cpp:554:6:void Screen2View::shootEgg()	48	static
C:/TouchGFXProjects/BTL_Chap_mach/TouchGFX/gui/src/screen2_screen/Screen2View.cpp:668:6:void Screen2View::updateAimVisual()	0	static
C:/TouchGFXProjects/BTL_Chap_mach/TouchGFX/gui/src/screen2_screen/Screen2View.cpp:877:5:int Screen2View::getCannonBaseX()	0	static
C:/TouchGFXProjects/BTL_Chap_mach/TouchGFX/gui/src/screen2_screen/Screen2View.cpp:881:5:int Screen2View::getCannonBaseY()	0	static
C:/TouchGFXProjects/BTL_Chap_mach/TouchGFX/gui/src/screen2_screen/Screen2View.cpp:937:6:void Screen2View::updateProjectileVisual()	8	static
C:/TouchGFXProjects/BTL_Chap_mach/TouchGFX/gui/src/screen2_screen/Screen2View.cpp:954:6:bool Screen2View::isValidGridPosition(int, int)	0	static
C:/TouchGFXProjects/BTL_Chap_mach/TouchGFX/gui/src/screen2_screen/Screen2View.cpp:732:5:int Screen2View::findBestAttachPosition(int, int)	24	static
C:/TouchGFXProjects/BTL_Chap_mach/TouchGFX/gui/src/screen2_screen/Screen2View.cpp:766:5:int Screen2View::findBestAttachColumn(int, int)	32	static
C:/TouchGFXProjects/BTL_Chap_mach/TouchGFX/gui/src/screen2_screen/Screen2View.cpp:959:6:void Screen2View::debugJoystick()	152	static
C:/TouchGFXProjects/BTL_Chap_mach/TouchGFX/gui/src/screen2_screen/Screen2View.cpp:975:6:void Screen2View::smoothAngleToTarget()	8	static
C:/TouchGFXProjects/BTL_Chap_mach/TouchGFX/gui/src/screen2_screen/Screen2View.cpp:999:9:int16_t Screen2View::applySmoothCurve(int16_t, int16_t)	0	static
C:/TouchGFXProjects/BTL_Chap_mach/TouchGFX/gui/src/screen2_screen/Screen2View.cpp:342:6:void Screen2View::updateJoystickInput()	88	static
C:/TouchGFXProjects/BTL_Chap_mach/TouchGFX/gui/src/screen2_screen/Screen2View.cpp:455:6:void Screen2View::testJoystickWithNextEgg()	152	static
C:/TouchGFXProjects/BTL_Chap_mach/TouchGFX/gui/src/screen2_screen/Screen2View.cpp:404:6:void Screen2View::updateAimDirection()	8	static
C:/TouchGFXProjects/BTL_Chap_mach/TouchGFX/gui/src/screen2_screen/Screen2View.cpp:1013:6:void Screen2View::forceResetGame()	16	static
C:\Users\DUONG DUY\STM32CubeIDE_1.18.0\STM32CubeIDE\plugins\com.st.stm32cube.ide.mcu.externaltools.gnu-tools-for-stm32.13.3.rel1.win32_1.0.0.202411081344\tools\arm-none-eabi\include\c++\13.3.1\bits\std_function.h:587:7:) const [with _Res = void; _ArgTypes = {int, int}]	16	static
C:/TouchGFXProjects/BTL_Chap_mach/TouchGFX/gui/src/screen2_screen/Screen2View.cpp:837:6:void Screen2View::findAndRemoveMatchingGroup(int, int)	120	static
C:/TouchGFXProjects/BTL_Chap_mach/TouchGFX/gui/src/screen2_screen/Screen2View.cpp:799:6:void Screen2View::handleFailedAttachment(int)	16	static
C:/TouchGFXProjects/BTL_Chap_mach/TouchGFX/gui/src/screen2_screen/Screen2View.cpp:675:6:void Screen2View::handleCollisionWithEgg(int, int)	96	static
C:/TouchGFXProjects/BTL_Chap_mach/TouchGFX/gui/src/screen2_screen/Screen2View.cpp:885:6:void Screen2View::checkProjectileCollision()	24	static
C:/TouchGFXProjects/BTL_Chap_mach/TouchGFX/gui/src/screen2_screen/Screen2View.cpp:605:6:void Screen2View::updateProjectile()	16	static
C:/TouchGFXProjects/BTL_Chap_mach/TouchGFX/gui/src/screen2_screen/Screen2View.cpp:443:6:virtual void Screen2View::handleTickEvent()	8	static
C:\Users\DUONG DUY\STM32CubeIDE_1.18.0\STM32CubeIDE\plugins\com.st.stm32cube.ide.mcu.externaltools.gnu-tools-for-stm32.13.3.rel1.win32_1.0.0.202411081344\tools\arm-none-eabi\include\c++\13.3.1\bits\vector.tcc:445:7:) [with _Args = {int&, int&}; _Tp = std::pair<int, int>; _Alloc = std::allocator<std::pair<int, int> >]	48	static
C:\Users\DUONG DUY\STM32CubeIDE_1.18.0\STM32CubeIDE\plugins\com.st.stm32cube.ide.mcu.externaltools.gnu-tools-for-stm32.13.3.rel1.win32_1.0.0.202411081344\tools\arm-none-eabi\include\c++\13.3.1\bits\std_function.h:288:7:) [with _Res = void; _Functor = Screen2View::findAndRemoveMatchingGroup(int, int)::<lambda(int, int)>; _ArgTypes = {int, int}]	120	static
C:/TouchGFXProjects/BTL_Chap_mach/TouchGFX/gui/src/screen2_screen/Screen2View.cpp:32:6:virtual void Screen2View::setupScreen()	40	static
