../../Middlewares/ST/touchgfx/framework/include/touchgfx/Drawable.hpp:147:23:virtual touchgfx::Drawable* touchgfx::Drawable::getFirstChild()	0	static
../../Middlewares/ST/touchgfx/framework/include/touchgfx/Drawable.hpp:315:18:virtual void touchgfx::Drawable::setX(int16_t)	0	static
../../Middlewares/ST/touchgfx/framework/include/touchgfx/Drawable.hpp:327:18:virtual void touchgfx::Drawable::setY(int16_t)	0	static
../../Middlewares/ST/touchgfx/framework/include/touchgfx/Drawable.hpp:356:18:virtual void touchgfx::Drawable::setWidth(int16_t)	0	static
../../Middlewares/ST/touchgfx/framework/include/touchgfx/Drawable.hpp:368:18:virtual void touchgfx::Drawable::setHeight(int16_t)	0	static
../../Middlewares/ST/touchgfx/framework/include/touchgfx/Drawable.hpp:378:18:virtual void touchgfx::Drawable::childGeometryChanged()	0	static
../../Middlewares/ST/touchgfx/framework/include/touchgfx/Drawable.hpp:389:18:virtual void touchgfx::Drawable::handleClickEvent(const touchgfx::ClickEvent&)	0	static
../../Middlewares/ST/touchgfx/framework/include/touchgfx/Drawable.hpp:401:18:virtual void touchgfx::Drawable::handleGestureEvent(const touchgfx::GestureEvent&)	0	static
../../Middlewares/ST/touchgfx/framework/include/touchgfx/Drawable.hpp:490:18:virtual void touchgfx::Drawable::handleDragEvent(const touchgfx::DragEvent&)	0	static
../../Middlewares/ST/touchgfx/framework/include/touchgfx/Drawable.hpp:501:18:virtual void touchgfx::Drawable::handleTickEvent()	0	static
../../Middlewares/ST/touchgfx/framework/include/touchgfx/Drawable.hpp:588:18:virtual void touchgfx::Drawable::moveTo(int16_t, int16_t)	4	static
../../Middlewares/ST/touchgfx/framework/include/touchgfx/Drawable.hpp:703:18:virtual void touchgfx::Drawable::setupDrawChain(const touchgfx::Rect&, touchgfx::Drawable**)	0	static
../../Middlewares/ST/touchgfx/framework/include/touchgfx/Screen.hpp:104:18:virtual void touchgfx::Screen::afterTransition()	0	static
../../Middlewares/ST/touchgfx/framework/include/touchgfx/Screen.hpp:154:18:virtual void touchgfx::Screen::handleKeyEvent(uint8_t)	0	static
../../TouchGFX/gui/include/gui/screen2_screen/Screen2View.hpp:22:13:Screen2View::~Screen2View()	16	static
../../TouchGFX/gui/include/gui/screen2_screen/Screen2View.hpp:22:13:virtual Screen2View::~Screen2View()	8	static
../../Middlewares/ST/touchgfx/framework/include/touchgfx/Drawable.hpp:121:18:virtual void touchgfx::Drawable::invalidateContent() const	0	static
../../Middlewares/ST/touchgfx/framework/include/touchgfx/widgets/Widget.hpp:45:18:virtual void touchgfx::Widget::getLastChild(int16_t, int16_t, touchgfx::Drawable**)	0	static
../../Middlewares/ST/touchgfx/framework/include/touchgfx/Drawable.hpp:343:10:void touchgfx::Drawable::setXY(int16_t, int16_t)	16	static
../../Middlewares/ST/touchgfx/framework/include/touchgfx/widgets/Image.hpp:50:5:touchgfx::Image::Image(const touchgfx::Bitmap&)	8	static
C:/TouchGFXProjects/Egg_shoot_v2/TouchGFX/gui/src/screen2_screen/Screen2View.cpp:19:1:Screen2View::Screen2View()	32	static
C:/TouchGFXProjects/Egg_shoot_v2/TouchGFX/gui/src/screen2_screen/Screen2View.cpp:117:6:void Screen2View::ensureMatchablePattern()	32	static
C:/TouchGFXProjects/Egg_shoot_v2/TouchGFX/gui/src/screen2_screen/Screen2View.cpp:81:6:void Screen2View::initEggGrid()	16	static
C:/TouchGFXProjects/Egg_shoot_v2/TouchGFX/gui/src/screen2_screen/Screen2View.cpp:137:6:void Screen2View::renderEggGrid()	64	static
C:/TouchGFXProjects/Egg_shoot_v2/TouchGFX/gui/src/screen2_screen/Screen2View.cpp:231:6:void Screen2View::addNewTopRow()	8	static
C:/TouchGFXProjects/Egg_shoot_v2/TouchGFX/gui/src/screen2_screen/Screen2View.cpp:250:6:bool Screen2View::checkBottomRowOccupied()	0	static
C:/TouchGFXProjects/Egg_shoot_v2/TouchGFX/gui/src/screen2_screen/Screen2View.cpp:271:6:void Screen2View::notifyGameOver()	0	static
C:/TouchGFXProjects/Egg_shoot_v2/TouchGFX/gui/src/screen2_screen/Screen2View.cpp:259:6:void Screen2View::triggerGameOver()	8	static
C:/TouchGFXProjects/Egg_shoot_v2/TouchGFX/gui/src/screen2_screen/Screen2View.cpp:208:6:void Screen2View::dropEggGrid()	8	static
C:/TouchGFXProjects/Egg_shoot_v2/TouchGFX/gui/src/screen2_screen/Screen2View.cpp:275:6:bool Screen2View::checkGameOver()	8	static
C:/TouchGFXProjects/Egg_shoot_v2/TouchGFX/gui/src/screen2_screen/Screen2View.cpp:299:6:void Screen2View::spawnNextEgg()	24	static
C:/TouchGFXProjects/Egg_shoot_v2/TouchGFX/gui/src/screen2_screen/Screen2View.cpp:186:6:void Screen2View::onEggShot()	8	static
C:/TouchGFXProjects/Egg_shoot_v2/TouchGFX/gui/src/screen2_screen/Screen2View.cpp:322:6:void Screen2View::updateScore(int)	16	static
C:/TouchGFXProjects/Egg_shoot_v2/TouchGFX/gui/src/screen2_screen/Screen2View.cpp:331:6:void Screen2View::clearEggGrid()	0	static
C:/TouchGFXProjects/Egg_shoot_v2/TouchGFX/gui/src/screen2_screen/Screen2View.cpp:347:5:int readADCChannel(ADC_HandleTypeDef*, uint32_t)	32	static
C:/TouchGFXProjects/Egg_shoot_v2/TouchGFX/gui/src/screen2_screen/Screen2View.cpp:478:6:void Screen2View::clearNextEgg()	0	static
C:/TouchGFXProjects/Egg_shoot_v2/TouchGFX/gui/src/screen2_screen/Screen2View.cpp:74:6:virtual void Screen2View::tearDownScreen()	8	static
C:/TouchGFXProjects/Egg_shoot_v2/TouchGFX/gui/src/screen2_screen/Screen2View.cpp:503:6:void Screen2View::resetJoystickCalibration()	80	static
C:/TouchGFXProjects/Egg_shoot_v2/TouchGFX/gui/src/screen2_screen/Screen2View.cpp:514:6:void Screen2View::updateCannonAndEggPosition()	32	static
C:/TouchGFXProjects/Egg_shoot_v2/TouchGFX/gui/src/screen2_screen/Screen2View.cpp:534:6:void Screen2View::debugAiming()	8	static
C:/TouchGFXProjects/Egg_shoot_v2/TouchGFX/gui/src/screen2_screen/Screen2View.cpp:549:6:void Screen2View::resetAimToCenter()	8	static
C:/TouchGFXProjects/Egg_shoot_v2/TouchGFX/gui/src/screen2_screen/Screen2View.cpp:556:6:void Screen2View::setAimAngle(float)	8	static
C:/TouchGFXProjects/Egg_shoot_v2/TouchGFX/gui/src/screen2_screen/Screen2View.cpp:564:6:void Screen2View::updateAimLine()	0	static
C:/TouchGFXProjects/Egg_shoot_v2/TouchGFX/gui/src/screen2_screen/Screen2View.cpp:607:6:void Screen2View::createProjectile(int, int, float, float)	24	static
C:/TouchGFXProjects/Egg_shoot_v2/TouchGFX/gui/src/screen2_screen/Screen2View.cpp:583:6:void Screen2View::shootEgg()	48	static
C:/TouchGFXProjects/Egg_shoot_v2/TouchGFX/gui/src/screen2_screen/Screen2View.cpp:697:6:void Screen2View::updateAimVisual()	0	static
C:/TouchGFXProjects/Egg_shoot_v2/TouchGFX/gui/src/screen2_screen/Screen2View.cpp:881:5:int Screen2View::getCannonBaseX()	0	static
C:/TouchGFXProjects/Egg_shoot_v2/TouchGFX/gui/src/screen2_screen/Screen2View.cpp:885:5:int Screen2View::getCannonBaseY()	0	static
C:/TouchGFXProjects/Egg_shoot_v2/TouchGFX/gui/src/screen2_screen/Screen2View.cpp:964:6:void Screen2View::updateProjectileVisual()	8	static
C:/TouchGFXProjects/Egg_shoot_v2/TouchGFX/gui/src/screen2_screen/Screen2View.cpp:981:6:bool Screen2View::isValidGridPosition(int, int)	0	static
C:/TouchGFXProjects/Egg_shoot_v2/TouchGFX/gui/src/screen2_screen/Screen2View.cpp:834:6:void Screen2View::findAndRemoveMatchingGroup(int, int)	608	static
C:/TouchGFXProjects/Egg_shoot_v2/TouchGFX/gui/src/screen2_screen/Screen2View.cpp:796:6:void Screen2View::handleFailedAttachment(int)	16	static
C:/TouchGFXProjects/Egg_shoot_v2/TouchGFX/gui/src/screen2_screen/Screen2View.cpp:704:6:void Screen2View::handleCollisionWithEgg(int, int)	176	static
C:/TouchGFXProjects/Egg_shoot_v2/TouchGFX/gui/src/screen2_screen/Screen2View.cpp:889:6:void Screen2View::checkProjectileCollision()	56	static
C:/TouchGFXProjects/Egg_shoot_v2/TouchGFX/gui/src/screen2_screen/Screen2View.cpp:634:6:void Screen2View::updateProjectile()	16	static
C:/TouchGFXProjects/Egg_shoot_v2/TouchGFX/gui/src/screen2_screen/Screen2View.cpp:986:6:void Screen2View::debugJoystick()	152	static
C:/TouchGFXProjects/Egg_shoot_v2/TouchGFX/gui/src/screen2_screen/Screen2View.cpp:1002:6:void Screen2View::smoothAngleToTarget()	8	static
C:/TouchGFXProjects/Egg_shoot_v2/TouchGFX/gui/src/screen2_screen/Screen2View.cpp:1026:9:int16_t Screen2View::applySmoothCurve(int16_t, int16_t)	0	static
C:/TouchGFXProjects/Egg_shoot_v2/TouchGFX/gui/src/screen2_screen/Screen2View.cpp:363:6:void Screen2View::updateJoystickInput()	88	static
C:/TouchGFXProjects/Egg_shoot_v2/TouchGFX/gui/src/screen2_screen/Screen2View.cpp:484:6:void Screen2View::testJoystickWithNextEgg()	152	static
C:/TouchGFXProjects/Egg_shoot_v2/TouchGFX/gui/src/screen2_screen/Screen2View.cpp:425:6:void Screen2View::updateAimDirection()	8	static
C:/TouchGFXProjects/Egg_shoot_v2/TouchGFX/gui/src/screen2_screen/Screen2View.cpp:464:6:virtual void Screen2View::handleTickEvent()	8	static
C:/TouchGFXProjects/Egg_shoot_v2/TouchGFX/gui/src/screen2_screen/Screen2View.cpp:1040:6:void Screen2View::forceResetGame()	16	static
C:/TouchGFXProjects/Egg_shoot_v2/TouchGFX/gui/src/screen2_screen/Screen2View.cpp:32:6:virtual void Screen2View::setupScreen()	40	static
