../../Middlewares/ST/touchgfx/framework/include/touchgfx/Drawable.hpp:147:23:virtual touchgfx::Drawable* touchgfx::Drawable::getFirstChild()	0	static
../../Middlewares/ST/touchgfx/framework/include/touchgfx/Drawable.hpp:315:18:virtual void touchgfx::Drawable::setX(int16_t)	0	static
../../Middlewares/ST/touchgfx/framework/include/touchgfx/Drawable.hpp:327:18:virtual void touchgfx::Drawable::setY(int16_t)	0	static
../../Middlewares/ST/touchgfx/framework/include/touchgfx/Drawable.hpp:356:18:virtual void touchgfx::Drawable::setWidth(int16_t)	0	static
../../Middlewares/ST/touchgfx/framework/include/touchgfx/Drawable.hpp:368:18:virtual void touchgfx::Drawable::setHeight(int16_t)	0	static
../../Middlewares/ST/touchgfx/framework/include/touchgfx/Drawable.hpp:378:18:virtual void touchgfx::Drawable::childGeometryChanged()	0	static
../../Middlewares/ST/touchgfx/framework/include/touchgfx/Drawable.hpp:389:18:virtual void touchgfx::Drawable::handleClickEvent(const touchgfx::ClickEvent&)	0	static
../../Middlewares/ST/touchgfx/framework/include/touchgfx/Drawable.hpp:401:18:virtual void touchgfx::Drawable::handleGestureEvent(const touchgfx::GestureEvent&)	0	static
../../Middlewares/ST/touchgfx/framework/include/touchgfx/Drawable.hpp:490:18:virtual void touchgfx::Drawable::handleDragEvent(const touchgfx::DragEvent&)	0	static
../../Middlewares/ST/touchgfx/framework/include/touchgfx/Drawable.hpp:501:18:virtual void touchgfx::Drawable::handleTickEvent()	0	static
../../Middlewares/ST/touchgfx/framework/include/touchgfx/Drawable.hpp:588:18:virtual void touchgfx::Drawable::moveTo(int16_t, int16_t)	4	static
../../Middlewares/ST/touchgfx/framework/include/touchgfx/Drawable.hpp:703:18:virtual void touchgfx::Drawable::setupDrawChain(const touchgfx::Rect&, touchgfx::Drawable**)	0	static
../../Middlewares/ST/touchgfx/framework/include/touchgfx/Screen.hpp:104:18:virtual void touchgfx::Screen::afterTransition()	0	static
../../Middlewares/ST/touchgfx/framework/include/touchgfx/Screen.hpp:154:18:virtual void touchgfx::Screen::handleKeyEvent(uint8_t)	0	static
../../TouchGFX/gui/include/gui/screen2_screen/Screen2View.hpp:22:13:Screen2View::~Screen2View()	16	static
../../TouchGFX/gui/include/gui/screen2_screen/Screen2View.hpp:22:13:virtual Screen2View::~Screen2View()	8	static
../../Middlewares/ST/touchgfx/framework/include/touchgfx/Drawable.hpp:121:18:virtual void touchgfx::Drawable::invalidateContent() const	0	static
../../Middlewares/ST/touchgfx/framework/include/touchgfx/widgets/Widget.hpp:45:18:virtual void touchgfx::Widget::getLastChild(int16_t, int16_t, touchgfx::Drawable**)	0	static
../../Middlewares/ST/touchgfx/framework/include/touchgfx/Drawable.hpp:343:10:void touchgfx::Drawable::setXY(int16_t, int16_t)	16	static
../../Middlewares/ST/touchgfx/framework/include/touchgfx/widgets/Image.hpp:50:5:touchgfx::Image::Image(const touchgfx::Bitmap&)	8	static
C:/TouchGFXProjects/Egg_shoot_v2/TouchGFX/gui/src/screen2_screen/Screen2View.cpp:19:1:Screen2View::Screen2View()	32	static
C:/TouchGFXProjects/Egg_shoot_v2/TouchGFX/gui/src/screen2_screen/Screen2View.cpp:116:6:void Screen2View::ensureMatchablePattern()	32	static
C:/TouchGFXProjects/Egg_shoot_v2/TouchGFX/gui/src/screen2_screen/Screen2View.cpp:80:6:void Screen2View::initEggGrid()	16	static
C:/TouchGFXProjects/Egg_shoot_v2/TouchGFX/gui/src/screen2_screen/Screen2View.cpp:136:6:void Screen2View::renderEggGrid()	64	static
C:/TouchGFXProjects/Egg_shoot_v2/TouchGFX/gui/src/screen2_screen/Screen2View.cpp:225:6:void Screen2View::addNewTopRow()	8	static
C:/TouchGFXProjects/Egg_shoot_v2/TouchGFX/gui/src/screen2_screen/Screen2View.cpp:207:6:void Screen2View::dropEggGrid()	8	static
C:/TouchGFXProjects/Egg_shoot_v2/TouchGFX/gui/src/screen2_screen/Screen2View.cpp:245:6:bool Screen2View::checkGameOver()	8	static
C:/TouchGFXProjects/Egg_shoot_v2/TouchGFX/gui/src/screen2_screen/Screen2View.cpp:269:6:void Screen2View::spawnNextEgg()	24	static
C:/TouchGFXProjects/Egg_shoot_v2/TouchGFX/gui/src/screen2_screen/Screen2View.cpp:185:6:void Screen2View::onEggShot()	8	static
C:/TouchGFXProjects/Egg_shoot_v2/TouchGFX/gui/src/screen2_screen/Screen2View.cpp:292:6:void Screen2View::updateScore(int)	16	static
C:/TouchGFXProjects/Egg_shoot_v2/TouchGFX/gui/src/screen2_screen/Screen2View.cpp:301:6:void Screen2View::clearEggGrid()	0	static
C:/TouchGFXProjects/Egg_shoot_v2/TouchGFX/gui/src/screen2_screen/Screen2View.cpp:317:5:int readADCChannel(ADC_HandleTypeDef*, uint32_t)	32	static
C:/TouchGFXProjects/Egg_shoot_v2/TouchGFX/gui/src/screen2_screen/Screen2View.cpp:448:6:void Screen2View::clearNextEgg()	0	static
C:/TouchGFXProjects/Egg_shoot_v2/TouchGFX/gui/src/screen2_screen/Screen2View.cpp:73:6:virtual void Screen2View::tearDownScreen()	8	static
C:/TouchGFXProjects/Egg_shoot_v2/TouchGFX/gui/src/screen2_screen/Screen2View.cpp:473:6:void Screen2View::resetJoystickCalibration()	80	static
C:/TouchGFXProjects/Egg_shoot_v2/TouchGFX/gui/src/screen2_screen/Screen2View.cpp:484:6:void Screen2View::updateCannonAndEggPosition()	32	static
C:/TouchGFXProjects/Egg_shoot_v2/TouchGFX/gui/src/screen2_screen/Screen2View.cpp:504:6:void Screen2View::debugAiming()	8	static
C:/TouchGFXProjects/Egg_shoot_v2/TouchGFX/gui/src/screen2_screen/Screen2View.cpp:519:6:void Screen2View::resetAimToCenter()	8	static
C:/TouchGFXProjects/Egg_shoot_v2/TouchGFX/gui/src/screen2_screen/Screen2View.cpp:526:6:void Screen2View::setAimAngle(float)	8	static
C:/TouchGFXProjects/Egg_shoot_v2/TouchGFX/gui/src/screen2_screen/Screen2View.cpp:534:6:void Screen2View::updateAimLine()	0	static
C:/TouchGFXProjects/Egg_shoot_v2/TouchGFX/gui/src/screen2_screen/Screen2View.cpp:577:6:void Screen2View::createProjectile(int, int, float, float)	24	static
C:/TouchGFXProjects/Egg_shoot_v2/TouchGFX/gui/src/screen2_screen/Screen2View.cpp:553:6:void Screen2View::shootEgg()	48	static
C:/TouchGFXProjects/Egg_shoot_v2/TouchGFX/gui/src/screen2_screen/Screen2View.cpp:667:6:void Screen2View::updateAimVisual()	0	static
C:/TouchGFXProjects/Egg_shoot_v2/TouchGFX/gui/src/screen2_screen/Screen2View.cpp:849:5:int Screen2View::getCannonBaseX()	0	static
C:/TouchGFXProjects/Egg_shoot_v2/TouchGFX/gui/src/screen2_screen/Screen2View.cpp:853:5:int Screen2View::getCannonBaseY()	0	static
C:/TouchGFXProjects/Egg_shoot_v2/TouchGFX/gui/src/screen2_screen/Screen2View.cpp:932:6:void Screen2View::updateProjectileVisual()	8	static
C:/TouchGFXProjects/Egg_shoot_v2/TouchGFX/gui/src/screen2_screen/Screen2View.cpp:949:6:bool Screen2View::isValidGridPosition(int, int)	0	static
C:/TouchGFXProjects/Egg_shoot_v2/TouchGFX/gui/src/screen2_screen/Screen2View.cpp:804:6:void Screen2View::findAndRemoveMatchingGroup(int, int)	608	static
C:/TouchGFXProjects/Egg_shoot_v2/TouchGFX/gui/src/screen2_screen/Screen2View.cpp:766:6:void Screen2View::handleFailedAttachment(int)	16	static
C:/TouchGFXProjects/Egg_shoot_v2/TouchGFX/gui/src/screen2_screen/Screen2View.cpp:674:6:void Screen2View::handleCollisionWithEgg(int, int)	176	static
C:/TouchGFXProjects/Egg_shoot_v2/TouchGFX/gui/src/screen2_screen/Screen2View.cpp:857:6:void Screen2View::checkProjectileCollision()	56	static
C:/TouchGFXProjects/Egg_shoot_v2/TouchGFX/gui/src/screen2_screen/Screen2View.cpp:604:6:void Screen2View::updateProjectile()	16	static
C:/TouchGFXProjects/Egg_shoot_v2/TouchGFX/gui/src/screen2_screen/Screen2View.cpp:954:6:void Screen2View::debugJoystick()	152	static
C:/TouchGFXProjects/Egg_shoot_v2/TouchGFX/gui/src/screen2_screen/Screen2View.cpp:970:6:void Screen2View::smoothAngleToTarget()	8	static
C:/TouchGFXProjects/Egg_shoot_v2/TouchGFX/gui/src/screen2_screen/Screen2View.cpp:994:9:int16_t Screen2View::applySmoothCurve(int16_t, int16_t)	0	static
C:/TouchGFXProjects/Egg_shoot_v2/TouchGFX/gui/src/screen2_screen/Screen2View.cpp:333:6:void Screen2View::updateJoystickInput()	88	static
C:/TouchGFXProjects/Egg_shoot_v2/TouchGFX/gui/src/screen2_screen/Screen2View.cpp:454:6:void Screen2View::testJoystickWithNextEgg()	152	static
C:/TouchGFXProjects/Egg_shoot_v2/TouchGFX/gui/src/screen2_screen/Screen2View.cpp:395:6:void Screen2View::updateAimDirection()	8	static
C:/TouchGFXProjects/Egg_shoot_v2/TouchGFX/gui/src/screen2_screen/Screen2View.cpp:434:6:virtual void Screen2View::handleTickEvent()	8	static
C:/TouchGFXProjects/Egg_shoot_v2/TouchGFX/gui/src/screen2_screen/Screen2View.cpp:1008:6:void Screen2View::forceResetGame()	16	static
C:/TouchGFXProjects/Egg_shoot_v2/TouchGFX/gui/src/screen2_screen/Screen2View.cpp:32:6:virtual void Screen2View::setupScreen()	40	static
